Using TensorFlow backend.
/home/ben/anaconda3/envs/taylor/lib/python3.6/site-packages/tensorflow/python/framework/dtypes.py:516: FutureWarning: Passing (type, 1) or '1type' as a synonym of type is deprecated; in a future version of numpy, it will be understood as (type, (1,)) / '(1,)type'.
  _np_qint8 = np.dtype([("qint8", np.int8, 1)])
/home/ben/anaconda3/envs/taylor/lib/python3.6/site-packages/tensorflow/python/framework/dtypes.py:517: FutureWarning: Passing (type, 1) or '1type' as a synonym of type is deprecated; in a future version of numpy, it will be understood as (type, (1,)) / '(1,)type'.
  _np_quint8 = np.dtype([("quint8", np.uint8, 1)])
/home/ben/anaconda3/envs/taylor/lib/python3.6/site-packages/tensorflow/python/framework/dtypes.py:518: FutureWarning: Passing (type, 1) or '1type' as a synonym of type is deprecated; in a future version of numpy, it will be understood as (type, (1,)) / '(1,)type'.
  _np_qint16 = np.dtype([("qint16", np.int16, 1)])
/home/ben/anaconda3/envs/taylor/lib/python3.6/site-packages/tensorflow/python/framework/dtypes.py:519: FutureWarning: Passing (type, 1) or '1type' as a synonym of type is deprecated; in a future version of numpy, it will be understood as (type, (1,)) / '(1,)type'.
  _np_quint16 = np.dtype([("quint16", np.uint16, 1)])
/home/ben/anaconda3/envs/taylor/lib/python3.6/site-packages/tensorflow/python/framework/dtypes.py:520: FutureWarning: Passing (type, 1) or '1type' as a synonym of type is deprecated; in a future version of numpy, it will be understood as (type, (1,)) / '(1,)type'.
  _np_qint32 = np.dtype([("qint32", np.int32, 1)])
/home/ben/anaconda3/envs/taylor/lib/python3.6/site-packages/tensorflow/python/framework/dtypes.py:525: FutureWarning: Passing (type, 1) or '1type' as a synonym of type is deprecated; in a future version of numpy, it will be understood as (type, (1,)) / '(1,)type'.
  np_resource = np.dtype([("resource", np.ubyte, 1)])
/home/ben/.local/lib/python3.6/site-packages/tensorboard/compat/tensorflow_stub/dtypes.py:541: FutureWarning: Passing (type, 1) or '1type' as a synonym of type is deprecated; in a future version of numpy, it will be understood as (type, (1,)) / '(1,)type'.
  _np_qint8 = np.dtype([("qint8", np.int8, 1)])
/home/ben/.local/lib/python3.6/site-packages/tensorboard/compat/tensorflow_stub/dtypes.py:542: FutureWarning: Passing (type, 1) or '1type' as a synonym of type is deprecated; in a future version of numpy, it will be understood as (type, (1,)) / '(1,)type'.
  _np_quint8 = np.dtype([("quint8", np.uint8, 1)])
/home/ben/.local/lib/python3.6/site-packages/tensorboard/compat/tensorflow_stub/dtypes.py:543: FutureWarning: Passing (type, 1) or '1type' as a synonym of type is deprecated; in a future version of numpy, it will be understood as (type, (1,)) / '(1,)type'.
  _np_qint16 = np.dtype([("qint16", np.int16, 1)])
/home/ben/.local/lib/python3.6/site-packages/tensorboard/compat/tensorflow_stub/dtypes.py:544: FutureWarning: Passing (type, 1) or '1type' as a synonym of type is deprecated; in a future version of numpy, it will be understood as (type, (1,)) / '(1,)type'.
  _np_quint16 = np.dtype([("quint16", np.uint16, 1)])
/home/ben/.local/lib/python3.6/site-packages/tensorboard/compat/tensorflow_stub/dtypes.py:545: FutureWarning: Passing (type, 1) or '1type' as a synonym of type is deprecated; in a future version of numpy, it will be understood as (type, (1,)) / '(1,)type'.
  _np_qint32 = np.dtype([("qint32", np.int32, 1)])
/home/ben/.local/lib/python3.6/site-packages/tensorboard/compat/tensorflow_stub/dtypes.py:550: FutureWarning: Passing (type, 1) or '1type' as a synonym of type is deprecated; in a future version of numpy, it will be understood as (type, (1,)) / '(1,)type'.
  np_resource = np.dtype([("resource", np.ubyte, 1)])
WARNING: Logging before flag parsing goes to stderr.
W0314 14:16:50.443550 140238012073792 deprecation_wrapper.py:119] From /home/ben/anaconda3/envs/taylor/lib/python3.6/site-packages/keras/backend/tensorflow_backend.py:95: The name tf.reset_default_graph is deprecated. Please use tf.compat.v1.reset_default_graph instead.

W0314 14:16:50.443711 140238012073792 deprecation_wrapper.py:119] From /home/ben/anaconda3/envs/taylor/lib/python3.6/site-packages/keras/backend/tensorflow_backend.py:98: The name tf.placeholder_with_default is deprecated. Please use tf.compat.v1.placeholder_with_default instead.

W0314 14:16:50.452584 140238012073792 deprecation_wrapper.py:119] From /home/ben/anaconda3/envs/taylor/lib/python3.6/site-packages/keras/backend/tensorflow_backend.py:102: The name tf.get_default_graph is deprecated. Please use tf.compat.v1.get_default_graph instead.

W0314 14:16:50.517332 140238012073792 deprecation_wrapper.py:119] From /home/ben/anaconda3/envs/taylor/lib/python3.6/site-packages/keras/backend/tensorflow_backend.py:517: The name tf.placeholder is deprecated. Please use tf.compat.v1.placeholder instead.

W0314 14:16:50.518802 140238012073792 deprecation_wrapper.py:119] From /home/ben/anaconda3/envs/taylor/lib/python3.6/site-packages/keras/backend/tensorflow_backend.py:4138: The name tf.random_uniform is deprecated. Please use tf.random.uniform instead.

W0314 14:16:50.580157 140238012073792 deprecation_wrapper.py:119] From /home/ben/anaconda3/envs/taylor/lib/python3.6/site-packages/keras/optimizers.py:790: The name tf.train.Optimizer is deprecated. Please use tf.compat.v1.train.Optimizer instead.

2020-03-14 14:16:50.697890: I tensorflow/core/platform/cpu_feature_guard.cc:142] Your CPU supports instructions that this TensorFlow binary was not compiled to use: SSE4.1 SSE4.2 AVX AVX2 FMA
2020-03-14 14:16:50.702248: I tensorflow/core/platform/profile_utils/cpu_utils.cc:94] CPU Frequency: 3699850000 Hz
2020-03-14 14:16:50.702661: I tensorflow/compiler/xla/service/service.cc:168] XLA service 0x5564c02ee980 executing computations on platform Host. Devices:
2020-03-14 14:16:50.702692: I tensorflow/compiler/xla/service/service.cc:175]   StreamExecutor device (0): <undefined>, <undefined>
2020-03-14 14:16:50.703379: I tensorflow/stream_executor/platform/default/dso_loader.cc:42] Successfully opened dynamic library libcuda.so.1
2020-03-14 14:16:50.709769: E tensorflow/stream_executor/cuda/cuda_driver.cc:318] failed call to cuInit: CUDA_ERROR_NO_DEVICE: no CUDA-capable device is detected
2020-03-14 14:16:50.709797: I tensorflow/stream_executor/cuda/cuda_diagnostics.cc:156] kernel driver does not appear to be running on this host (Gibbs): /proc/driver/nvidia/version does not exist
2020-03-14 14:16:50.760452: W tensorflow/compiler/jit/mark_for_compilation_pass.cc:1412] (One-time warning): Not using XLA:CPU for cluster because envvar TF_XLA_FLAGS=--tf_xla_cpu_global_jit was not set.  If you want XLA:CPU, either set that envvar, or use experimental_jit_scope to enable XLA:CPU.  To confirm that XLA is active, pass --vmodule=xla_compilation_cache=1 (as a proper command-line flag, not via TF_XLA_FLAGS) or set the envvar XLA_FLAGS=--xla_hlo_profile.
the number of sample: 2000; number of parameters: 29312
Ratio: 0.100; P_value: 0.569; Type 1 error: 0.036
Ratio: 0.100; CASE 1: Power: 0.103
Ratio: 0.100; CASE 2: Power: 0.211
Ratio: 0.100; CASE 3: Power: 0.226
Ratio: 0.100; training sample: 1600; MSE: 1.243(0.350), MSE_mask: 1.232(0.560)
Ratio: 0.200; P_value: 0.618; Type 1 error: 0.030
Ratio: 0.200; CASE 1: Power: 0.115
Ratio: 0.200; CASE 2: Power: 0.288
Ratio: 0.200; CASE 3: Power: 0.265
Ratio: 0.200; training sample: 1200; MSE: 1.282(0.276), MSE_mask: 1.252(0.459)
Ratio: 0.300; P_value: 0.699; Type 1 error: 0.020
Ratio: 0.300; CASE 1: Power: 0.091
Ratio: 0.300; CASE 2: Power: 0.258
Ratio: 0.300; CASE 3: Power: 0.260
Ratio: 0.300; training sample: 800; MSE: 1.407(0.282), MSE_mask: 1.347(0.458)
Ratio: 0.400; P_value: 0.780; Type 1 error: 0.020
Ratio: 0.400; CASE 1: Power: 0.056
Ratio: 0.400; CASE 2: Power: 0.116
Ratio: 0.400; CASE 3: Power: 0.118
Ratio: 0.400; training sample: 400; MSE: 1.782(0.436), MSE_mask: 1.643(0.498)
